
cihan@LAPTOP-GPR27UNE MINGW64 ~
$ mkdir hmk4
mkdir: cannot create directory ‘hmk4’: File exists

cihan@LAPTOP-GPR27UNE MINGW64 ~
$ cd hmk4

cihan@LAPTOP-GPR27UNE MINGW64 ~/hmk4
$ touch homework4.txt

cihan@LAPTOP-GPR27UNE MINGW64 ~/hmk4
$ nano homework4.txt

cihan@LAPTOP-GPR27UNE MINGW64 ~/hmk4
$ ^Z
bash: $'\032': command not found

cihan@LAPTOP-GPR27UNE MINGW64 ~/hmk4
$ nano homework4.txt

cihan@LAPTOP-GPR27UNE MINGW64 ~/hmk4
$ nano homework4.txt

cihan@LAPTOP-GPR27UNE MINGW64 ~/hmk4
$


cihan@LAPTOP-GPR27UNE MINGW64 ~/hmk4
$ git config  --global user.name "Ege Gokte Eryucel"

cihan@LAPTOP-GPR27UNE MINGW64 ~/hmk4
$ git config  --global user.email "gokteeryucel@gmail.com"

cihan@LAPTOP-GPR27UNE MINGW64 ~/hmk4
$ git config  --global core.editor "code"

cihan@LAPTOP-GPR27UNE MINGW64 ~/hmk4
$ git config  --global --list
user.name=Ege Gokte Eryucel
user.email=gokteeryucel@gmail.com
core.editor=code

cihan@LAPTOP-GPR27UNE MINGW64 ~/hmk4
$ echo "STEP A:" >> homework4.txt
echo "git config --global user.name 'Adınız Soyadınız'" >> homework4.txt
echo "git config --global user.email 'mailiniz@example.com'" >> homework4.txt
echo "git config --global core.editor 'tercih-edilen-editor'" >> homework4.txt

echo "STEP B: git config --global --list" >> homework4.txt
git config --global --list >> homework4.txt

cihan@LAPTOP-GPR27UNE MINGW64 ~/hmk4
$ ^[[200~sed -i '/git config --global user.name/d' homework4.txt
bash: $'\E[200~sed': command not found

cihan@LAPTOP-GPR27UNE MINGW64 ~/hmk4
$ sed -i '/git config --global user.name/d' homework4.txt
sed -i '/git config --global user.email/d' homework4.txt
sed -i '/git config --global core.editor/d' homework4.txt
sed -i '/STEP B: git config --global --list/d' homework4.txt
sed: -e expression #1, char 38: extra characters after command

cihan@LAPTOP-GPR27UNE MINGW64 ~/hmk4
$ echo "STEP A:" >> homework4.txt
echo "git config --global user.name 'gökte Eryücel'" >> homework4.txt
echo "git config --global user.email 'gokteeryucel@gmail.com'" >> homework4.txt
echo "git config --global core.editor code'" >> homework4.txt

echo "STEP B: git config --global --list" >> homework4.txt
git config --global --list >> homework4.txt

cihan@LAPTOP-GPR27UNE MINGW64 ~/hmk4
$ git clone <https://github.com/egeeryucel/softhw4.git>
bash: syntax error near unexpected token `newline'

cihan@LAPTOP-GPR27UNE MINGW64 ~/hmk4
$ ^C

cihan@LAPTOP-GPR27UNE MINGW64 ~/hmk4
$ git clone https://github.com/egeeryucel/softhw4.git
Cloning into 'softhw4'...
warning: You appear to have cloned an empty repository.

cihan@LAPTOP-GPR27UNE MINGW64 ~/hmk4
$ git clone https://github.com/egeeryucel/softhw4.git
fatal: destination path 'softhw4' already exists and is not an empty directory.

cihan@LAPTOP-GPR27UNE MINGW64 ~/hmk4
$ ls -l
total 2
-rw-r--r-- 1 cihan 197609 545 Jan 11 20:26 homework4.txt
drwxr-xr-x 1 cihan 197609   0 Jan 11 20:32 softhw4/
-rw-r--r-- 1 cihan 197609 186 Jan 11 20:26  homework4.txt

cihan@LAPTOP-GPR27UNE MINGW64 ~/hmk4
$ cd ..

cihan@LAPTOP-GPR27UNE MINGW64 ~
$ ls
 AppData/             Cookies@     Links/             NTUSER.DAT{a2332f18-cdbf-11ec-8680-002248483d79}.TM.blf                                        OneDrive/   'Saved Games'/   Templates@
'Application Data'@   Documents/  'Local Settings'@   NTUSER.DAT{a2332f18-cdbf-11ec-8680-002248483d79}.TMContainer00000000000000000001.regtrans-ms   PCManger/    Searches/       Videos/
 Belgelerim@          Downloads/   Music/             NTUSER.DAT{a2332f18-cdbf-11ec-8680-002248483d79}.TMContainer00000000000000000002.regtrans-ms   PrintHood@   SendTo@         hmk4/
 Contacts/            Favorites/   NTUSER.DAT         NetHood@                                                                                       Recent@     'Start Menu'@    hwk4/

cihan@LAPTOP-GPR27UNE MINGW64 ~
$ rm hmk4
rm: cannot remove 'hmk4': Is a directory

cihan@LAPTOP-GPR27UNE MINGW64 ~
$ rmdir hmk4
rmdir: failed to remove 'hmk4': Directory not empty

cihan@LAPTOP-GPR27UNE MINGW64 ~
$ rmdir -a hmk4
rmdir: unknown option -- a
Try 'rmdir --help' for more information.

cihan@LAPTOP-GPR27UNE MINGW64 ~
$ rm -r hmk4

cihan@LAPTOP-GPR27UNE MINGW64 ~
$ git clone https://github.com/egeeryucel/softhw4.git
Cloning into 'softhw4'...
warning: You appear to have cloned an empty repository.

cihan@LAPTOP-GPR27UNE MINGW64 ~
$ cd cloned_repository_hmk4
bash: cd: cloned_repository_hmk4: No such file or directory

cihan@LAPTOP-GPR27UNE MINGW64 ~
$ cd cloned_repository_hwk4
bash: cd: cloned_repository_hwk4: No such file or directory

cihan@LAPTOP-GPR27UNE MINGW64 ~
$ pwd
/c/Users/cihan

cihan@LAPTOP-GPR27UNE MINGW64 ~
$ ls
 AppData/             Cookies@     Links/             NTUSER.DAT{a2332f18-cdbf-11ec-8680-002248483d79}.TM.blf                                        OneDrive/   'Saved Games'/   Templates@
'Application Data'@   Documents/  'Local Settings'@   NTUSER.DAT{a2332f18-cdbf-11ec-8680-002248483d79}.TMContainer00000000000000000001.regtrans-ms   PCManger/    Searches/       Videos/
 Belgelerim@          Downloads/   Music/             NTUSER.DAT{a2332f18-cdbf-11ec-8680-002248483d79}.TMContainer00000000000000000002.regtrans-ms   PrintHood@   SendTo@         hwk4/
 Contacts/            Favorites/   NTUSER.DAT         NetHood@                                                                                       Recent@     'Start Menu'@    iCloudDrive/

cihan@LAPTOP-GPR27UNE MINGW64 ~
$ cd hwk4

cihan@LAPTOP-GPR27UNE MINGW64 ~/hwk4
$ cd cloned_repository_hwk4
bash: cd: cloned_repository_hwk4: No such file or directory

cihan@LAPTOP-GPR27UNE MINGW64 ~/hwk4
$ cd cloned hwk4
bash: cd: too many arguments

cihan@LAPTOP-GPR27UNE MINGW64 ~/hwk4
$ ls-a
bash: ls-a: command not found

cihan@LAPTOP-GPR27UNE MINGW64 ~/hwk4
$ ls -a
./  ../

cihan@LAPTOP-GPR27UNE MINGW64 ~/hwk4
$ ls -a .git
ls: cannot access '.git': No such file or directory

cihan@LAPTOP-GPR27UNE MINGW64 ~/hwk4
$ cd -/Desktop/softhw4
bash: cd: -/: invalid option
cd: usage: cd [-L|[-P [-e]] [-@]] [dir]

cihan@LAPTOP-GPR27UNE MINGW64 ~/hwk4
$ git init
Initialized empty Git repository in C:/Users/cihan/hwk4/.git/

cihan@LAPTOP-GPR27UNE MINGW64 ~/hwk4 (master)
$ git remote add origin https://github.com/egeeryucel/softhw4.gitl

cihan@LAPTOP-GPR27UNE MINGW64 ~/hwk4 (master)
$ ls -a
./  ../  .git/

cihan@LAPTOP-GPR27UNE MINGW64 ~/hwk4 (master)
$ pwd
/c/Users/cihan/hwk4

cihan@LAPTOP-GPR27UNE MINGW64 ~/hwk4 (master)
$ ls -a/hwk4/to/softhw4/.git
ls: unknown option -- /
Try 'ls --help' for more information.

cihan@LAPTOP-GPR27UNE MINGW64 ~/hwk4 (master)
$ ls -a
./  ../  .git/

cihan@LAPTOP-GPR27UNE MINGW64 ~/hwk4 (master)
$ ls -a .git
./  ../  HEAD  config  description  hooks/  info/  objects/  refs/

cihan@LAPTOP-GPR27UNE MINGW64 ~/hwk4 (master)
$ nano README.md

cihan@LAPTOP-GPR27UNE MINGW64 ~/hwk4 (master)
$ nano .gitignore

cihan@LAPTOP-GPR27UNE MINGW64 ~/hwk4 (master)
$ nano .gitignore

cihan@LAPTOP-GPR27UNE MINGW64 ~/hwk4 (master)
$ git add .gitignore
warning: in the working copy of '.gitignore', LF will be replaced by CRLF the next time Git touches it

cihan@LAPTOP-GPR27UNE MINGW64 ~/hwk4 (master)
$ git commit -m "Setting up .gitignore"
[master (root-commit) 8db9513] Setting up .gitignore
 1 file changed, 6 insertions(+)
 create mode 100644 .gitignore

cihan@LAPTOP-GPR27UNE MINGW64 ~/hwk4 (master)
$ git login
git: 'login' is not a git command. See 'git --help'.

The most similar command is
        column

cihan@LAPTOP-GPR27UNE MINGW64 ~/hwk4 (master)
$ git logın
git: 'logın' is not a git command. See 'git --help'.

cihan@LAPTOP-GPR27UNE MINGW64 ~/hwk4 (master)
$ git log
commit 8db95133d0f35bfa2d2be2b98148c3a6960a18b5 (HEAD -> master)
Author: Ege Gokte Eryucel <gokteeryucel@gmail.com>
Date:   Thu Jan 11 21:11:57 2024 +0300

    Setting up .gitignore

cihan@LAPTOP-GPR27UNE MINGW64 ~/hwk4 (master)
$ git branch feauture-1

cihan@LAPTOP-GPR27UNE MINGW64 ~/hwk4 (master)
$ git checkout feature-1
error: pathspec 'feature-1' did not match any file(s) known to git

cihan@LAPTOP-GPR27UNE MINGW64 ~/hwk4 (master)
$ git branch feature-1

cihan@LAPTOP-GPR27UNE MINGW64 ~/hwk4 (master)
$ git checkout feature-1
Switched to branch 'feature-1'

cihan@LAPTOP-GPR27UNE MINGW64 ~/hwk4 (feature-1)
$ cd hmk4
bash: cd: hmk4: No such file or directory

cihan@LAPTOP-GPR27UNE MINGW64 ~/hwk4 (feature-1)
$ cd hwk4
bash: cd: hwk4: No such file or directory

cihan@LAPTOP-GPR27UNE MINGW64 ~/hwk4 (feature-1)
$ cd hwk4
bash: cd: hwk4: No such file or directory

cihan@LAPTOP-GPR27UNE MINGW64 ~/hwk4 (feature-1)
$ cd hmk4
bash: cd: hmk4: No such file or directory

cihan@LAPTOP-GPR27UNE MINGW64 ~/hwk4 (feature-1)
$ git branch
* feature-1
  feauture-1
  master

cihan@LAPTOP-GPR27UNE MINGW64 ~/hwk4 (feature-1)
$ mkdir hmk1

cihan@LAPTOP-GPR27UNE MINGW64 ~/hwk4 (feature-1)
$ cd hmk1

cihan@LAPTOP-GPR27UNE MINGW64 ~/hwk4/hmk1 (feature-1)
$ cd ..

cihan@LAPTOP-GPR27UNE MINGW64 ~/hwk4 (feature-1)
$ cd ..

cihan@LAPTOP-GPR27UNE MINGW64 ~
$ ls
 AppData/             Cookies@     Links/             NTUSER.DAT{a2332f18-cdbf-11ec-8680-002248483d79}.TM.blf                                        OneDrive/   'Saved Games'/   Templates@
'Application Data'@   Documents/  'Local Settings'@   NTUSER.DAT{a2332f18-cdbf-11ec-8680-002248483d79}.TMContainer00000000000000000001.regtrans-ms   PCManger/    Searches/       Videos/
 Belgelerim@          Downloads/   Music/             NTUSER.DAT{a2332f18-cdbf-11ec-8680-002248483d79}.TMContainer00000000000000000002.regtrans-ms   PrintHood@   SendTo@         hwk4/
 Contacts/            Favorites/   NTUSER.DAT         NetHood@                                                                                       Recent@     'Start Menu'@    iCloudDrive/

cihan@LAPTOP-GPR27UNE MINGW64 ~
$ git add hmk1/RangeNumPrinter.java
git commit -m "satisfying requirement one"
fatal: not a git repository (or any of the parent directories): .git
fatal: not a git repository (or any of the parent directories): .git

cihan@LAPTOP-GPR27UNE MINGW64 ~
$ nano hmk1.txt

cihan@LAPTOP-GPR27UNE MINGW64 ~
$ git add hmk1/NumberRangePrinter.java
git commit -m "satisfying requirement one"
fatal: not a git repository (or any of the parent directories): .git
fatal: not a git repository (or any of the parent directories): .git

cihan@LAPTOP-GPR27UNE MINGW64 ~
$ git add hmk1.txt/NumberRangePrinter.java
fatal: not a git repository (or any of the parent directories): .git

cihan@LAPTOP-GPR27UNE MINGW64 ~
$ git add hmk1.txt
fatal: not a git repository (or any of the parent directories): .git

cihan@LAPTOP-GPR27UNE MINGW64 ~
$ git int
git: 'int' is not a git command. See 'git --help'.

The most similar command is
        init

cihan@LAPTOP-GPR27UNE MINGW64 ~
$ git init
Initialized empty Git repository in C:/Users/cihan/.git/

cihan@LAPTOP-GPR27UNE MINGW64 ~ (master)
$ git add hmk1.txt
warning: in the working copy of 'hmk1.txt', LF will be replaced by CRLF the next time Git touches it

cihan@LAPTOP-GPR27UNE MINGW64 ~ (master)
$ git commit -m "satisfyinhg requirement one"
[master (root-commit) cb3748b] satisfyinhg requirement one
 1 file changed, 29 insertions(+)
 create mode 100644 hmk1.txt

cihan@LAPTOP-GPR27UNE MINGW64 ~ (master)
$ git checkout main
error: pathspec 'main' did not match any file(s) known to git

cihan@LAPTOP-GPR27UNE MINGW64 ~ (master)
$ git branch
* master

cihan@LAPTOP-GPR27UNE MINGW64 ~ (master)
$ git branch
* master

cihan@LAPTOP-GPR27UNE MINGW64 ~ (master)
$ git merge feature-1
merge: feature-1 - not something we can merge

cihan@LAPTOP-GPR27UNE MINGW64 ~ (master)
$ git branch
* master

cihan@LAPTOP-GPR27UNE MINGW64 ~ (master)
$ git branch -r

cihan@LAPTOP-GPR27UNE MINGW64 ~ (master)
$ git checkout main-branch-master
error: pathspec 'main-branch-master' did not match any file(s) known to git

cihan@LAPTOP-GPR27UNE MINGW64 ~ (master)
$ git checkout <main-branch-master>
bash: syntax error near unexpected token `newline'

cihan@LAPTOP-GPR27UNE MINGW64 ~ (master)
$ git checkout master
Already on 'master'

cihan@LAPTOP-GPR27UNE MINGW64 ~ (master)
$ git merge feature-1
merge: feature-1 - not something we can merge

cihan@LAPTOP-GPR27UNE MINGW64 ~ (master)
$ git log
commit cb3748bd4f78f34358637e5691dffe608940ffc8 (HEAD -> master)
Author: Ege Gokte Eryucel <gokteeryucel@gmail.com>
Date:   Thu Jan 11 21:32:01 2024 +0300

    satisfyinhg requirement one

cihan@LAPTOP-GPR27UNE MINGW64 ~ (master)
$ git push origin master
fatal: 'origin' does not appear to be a git repository
fatal: Could not read from remote repository.

Please make sure you have the correct access rights
and the repository exists.

cihan@LAPTOP-GPR27UNE MINGW64 ~ (master)
$ git checkout

cihan@LAPTOP-GPR27UNE MINGW64 ~ (master)
$ git branch
* master

cihan@LAPTOP-GPR27UNE MINGW64 ~ (master)
$ git branch feature-1

cihan@LAPTOP-GPR27UNE MINGW64 ~ (master)
$ git branch
  feature-1
* master

cihan@LAPTOP-GPR27UNE MINGW64 ~ (master)
$ cd ..

cihan@LAPTOP-GPR27UNE MINGW64 /c/Users
$ ls
'All Users'@   Default/  'Default User'@   Public/   cihan/   desktop.ini

cihan@LAPTOP-GPR27UNE MINGW64 /c/Users
$ cd

cihan@LAPTOP-GPR27UNE MINGW64 ~ (master)
$ ls
 AppData/                                                                                       PrintHood@
'Application Data'@                                                                             Recent@
 Belgelerim@                                                                                   'Saved Games'/
 Contacts/                                                                                      Searches/
 Cookies@                                                                                       SendTo@
 Documents/                                                                                    'Start Menu'@
 Downloads/                                                                                     Templates@
 Favorites/                                                                                     Videos/
 Links/                                                                                         hmk1.txt
'Local Settings'@                                                                               hwk4/
 Music/                                                                                         iCloudDrive/
 NTUSER.DAT                                                                                     iCloudPhotos/
 NTUSER.DAT{a2332f18-cdbf-11ec-8680-002248483d79}.TM.blf                                        ntuser.dat.LOG1
 NTUSER.DAT{a2332f18-cdbf-11ec-8680-002248483d79}.TMContainer00000000000000000001.regtrans-ms   ntuser.dat.LOG2
 NTUSER.DAT{a2332f18-cdbf-11ec-8680-002248483d79}.TMContainer00000000000000000002.regtrans-ms   ntuser.ini
 NetHood@                                                                                       softhw4/
 OneDrive/                                                                                      source/
 PCManger/

cihan@LAPTOP-GPR27UNE MINGW64 ~ (master)
$ cd softhw4

cihan@LAPTOP-GPR27UNE MINGW64 ~/softhw4 (main)
$ git branch

cihan@LAPTOP-GPR27UNE MINGW64 ~/softhw4 (main)
$ git branch

cihan@LAPTOP-GPR27UNE MINGW64 ~/softhw4 (main)
$ ls

cihan@LAPTOP-GPR27UNE MINGW64 ~/softhw4 (main)
$ cd hwk4
bash: cd: hwk4: No such file or directory

cihan@LAPTOP-GPR27UNE MINGW64 ~/softhw4 (main)
$ cd hwk4/
bash: cd: hwk4/: No such file or directory

cihan@LAPTOP-GPR27UNE MINGW64 ~/softhw4 (main)
$ ls

cihan@LAPTOP-GPR27UNE MINGW64 ~/softhw4 (main)
$ cd

cihan@LAPTOP-GPR27UNE MINGW64 ~ (master)
$ cd hwk4

cihan@LAPTOP-GPR27UNE MINGW64 ~/hwk4 (feature-1)
$ ls
README.md  hmk1/

cihan@LAPTOP-GPR27UNE MINGW64 ~/hwk4 (feature-1)
$ git branch
* feature-1
  feauture-1
  master

cihan@LAPTOP-GPR27UNE MINGW64 ~/hwk4 (feature-1)
$ git merge feature-1
Already up to date.

cihan@LAPTOP-GPR27UNE MINGW64 ~/hwk4 (feature-1)
$ git push origin
fatal: The current branch feature-1 has no upstream branch.
To push the current branch and set the remote as upstream, use

    git push --set-upstream origin feature-1

To have this happen automatically for branches without a tracking
upstream, see 'push.autoSetupRemote' in 'git help config'.


cihan@LAPTOP-GPR27UNE MINGW64 ~/hwk4 (feature-1)


cihan@LAPTOP-GPR27UNE MINGW64 ~/hwk4 (feature-1)
git merge feature-1


fatal: User cancelled dialog.
remote: Support for password authentication was removed on August 13, 2021.
remote: Please see https://docs.github.com/en/get-started/getting-started-with-git/about-remote-repositories#cloning-with-https-urls for information on currently recommended modes of authentication.
fatal: Authentication failed for 'https://github.com/egeeryucel/softhw4.gitl/'

cihan@LAPTOP-GPR27UNE MINGW64 ~/hwk4 (feature-1)
$ git push origin master
fatal: User cancelled dialog.
remote: Support for password authentication was removed on August 13, 2021.
remote: Please see https://docs.github.com/en/get-started/getting-started-with-git/about-remote-repositories#cloning-with-https-urls for information on currently recommended modes of authentication.
fatal: Authentication failed for 'https://github.com/egeeryucel/softhw4.gitl/'

cihan@LAPTOP-GPR27UNE MINGW64 ~/hwk4 (feature-1)
$ git checkout master
Switched to branch 'master'

cihan@LAPTOP-GPR27UNE MINGW64 ~/hwk4 (master)
$ git merge feature-1
Already up to date.

cihan@LAPTOP-GPR27UNE MINGW64 ~/hwk4 (master)
$ git branch
  feature-1
  feauture-1
* master

cihan@LAPTOP-GPR27UNE MINGW64 ~/hwk4 (master)
$ git checkout master
Already on 'master'

cihan@LAPTOP-GPR27UNE MINGW64 ~/hwk4 (master)
$ git branch feature-2

cihan@LAPTOP-GPR27UNE MINGW64 ~/hwk4 (master)
$ git checkout feature-2
Switched to branch 'feature-2'

cihan@LAPTOP-GPR27UNE MINGW64 ~/hwk4 (feature-2)
$ git branch feature-3

cihan@LAPTOP-GPR27UNE MINGW64 ~/hwk4 (feature-2)
$ git checkout feature-3
Switched to branch 'feature-3'

cihan@LAPTOP-GPR27UNE MINGW64 ~/hwk4 (feature-3)
$ git checkout feature-3
Already on 'feature-3'

cihan@LAPTOP-GPR27UNE MINGW64 ~/hwk4 (feature-3)
$ git checkout feature-2
Switched to branch 'feature-2'

cihan@LAPTOP-GPR27UNE MINGW64 ~/hwk4 (feature-2)
$ nano NumberRangePrinter.txt

cihan@LAPTOP-GPR27UNE MINGW64 ~/hwk4 (feature-2)
$ nano RangeNumPrinter.txt

cihan@LAPTOP-GPR27UNE MINGW64 ~/hwk4 (feature-2)
$ nano RangeNumPrinter.txt

cihan@LAPTOP-GPR27UNE MINGW64 ~/hwk4 (feature-2)
$ cd /hwk4
bash: cd: /hwk4: No such file or directory

cihan@LAPTOP-GPR27UNE MINGW64 ~/hwk4 (feature-2)
$ cd /hmk4
bash: cd: /hmk4: No such file or directory

cihan@LAPTOP-GPR27UNE MINGW64 ~/hwk4 (feature-2)
$ cd ~/hmk4
bash: cd: /c/Users/cihan/hmk4: No such file or directory

cihan@LAPTOP-GPR27UNE MINGW64 ~/hwk4 (feature-2)
$ git branch
  feature-1
* feature-2
  feature-3
  feauture-1
  master

cihan@LAPTOP-GPR27UNE MINGW64 ~/hwk4 (feature-2)
$ ls
README.md  hmk1/

cihan@LAPTOP-GPR27UNE MINGW64 ~/hwk4 (feature-2)
$ nano hmk1.txt

cihan@LAPTOP-GPR27UNE MINGW64 ~/hwk4 (feature-2)
$ nano RangeNumPrinter.txt

cihan@LAPTOP-GPR27UNE MINGW64 ~/hwk4 (feature-2)
$ nano RangeNumPrinter.txt

cihan@LAPTOP-GPR27UNE MINGW64 ~/hwk4 (feature-2)
$ git checkout feature-2
Already on 'feature-2'

cihan@LAPTOP-GPR27UNE MINGW64 ~/hwk4 (feature-2)
$  nano RangeNumPrinter.txt

cihan@LAPTOP-GPR27UNE MINGW64 ~/hwk4 (feature-2)
$ nano RangeNumPrinter.txt

cihan@LAPTOP-GPR27UNE MINGW64 ~/hwk4 (feature-2)
$ git add RangeNumPrinter.txt
warning: in the working copy of 'RangeNumPrinter.txt', LF will be replaced by CRLF the next time Git touches it

cihan@LAPTOP-GPR27UNE MINGW64 ~/hwk4 (feature-2)
$ git log
commit 8db95133d0f35bfa2d2be2b98148c3a6960a18b5 (HEAD -> feature-2, master, feauture-1, feature-3, feature-1)
Author: Ege Gokte Eryucel <gokteeryucel@gmail.com>
Date:   Thu Jan 11 21:11:57 2024 +0300

    Setting up .gitignore

cihan@LAPTOP-GPR27UNE MINGW64 ~/hwk4 (feature-2)
$ git commit -m "Modify the method to print only odd numbers in the range"
[feature-2 4cb04b3] Modify the method to print only odd numbers in the range
 1 file changed, 23 insertions(+)
 create mode 100644 RangeNumPrinter.txt

cihan@LAPTOP-GPR27UNE MINGW64 ~/hwk4 (feature-2)
$ git log
commit 4cb04b3deec8aee4a670cbfd1502412877f5494f (HEAD -> feature-2)
Author: Ege Gokte Eryucel <gokteeryucel@gmail.com>
Date:   Thu Jan 11 22:15:05 2024 +0300

    Modify the method to print only odd numbers in the range

commit 8db95133d0f35bfa2d2be2b98148c3a6960a18b5 (master, feauture-1, feature-3, feature-1)
Author: Ege Gokte Eryucel <gokteeryucel@gmail.com>
Date:   Thu Jan 11 21:11:57 2024 +0300

    Setting up .gitignore

cihan@LAPTOP-GPR27UNE MINGW64 ~/hwk4 (feature-2)
$ git checkout feature-3
Switched to branch 'feature-3'

cihan@LAPTOP-GPR27UNE MINGW64 ~/hwk4 (feature-3)
$ nano RangeNumberPrinter.txt

cihan@LAPTOP-GPR27UNE MINGW64 ~/hwk4 (feature-3)
$ nano RangeNumPrinter.txt

cihan@LAPTOP-GPR27UNE MINGW64 ~/hwk4 (feature-3)
$ git add RangeNumPrinter.txt
warning: in the working copy of 'RangeNumPrinter.txt', LF will be replaced by CRLF the next time Git touches it
gi
cihan@LAPTOP-GPR27UNE MINGW64 ~/hwk4 (feature-3)
$ git commit -m "Modify the method to print only even numbers in the range"
[feature-3 4d69c6b] Modify the method to print only even numbers in the range
 1 file changed, 8 insertions(+)
 create mode 100644 RangeNumPrinter.txt

cihan@LAPTOP-GPR27UNE MINGW64 ~/hwk4 (feature-3)
$ git checkout main
error: pathspec 'main' did not match any file(s) known to git

cihan@LAPTOP-GPR27UNE MINGW64 ~/hwk4 (feature-3)
$ git merge feature-2
Auto-merging RangeNumPrinter.txt
CONFLICT (add/add): Merge conflict in RangeNumPrinter.txt
Automatic merge failed; fix conflicts and then commit the result.

cihan@LAPTOP-GPR27UNE MINGW64 ~/hwk4 (feature-3|MERGING)
$ git merge feature-3
error: Merging is not possible because you have unmerged files.
hint: Fix them up in the work tree, and then use 'git add/rm <file>'
hint: as appropriate to mark resolution and make a commit.
fatal: Exiting because of an unresolved conflict.

cihan@LAPTOP-GPR27UNE MINGW64 ~/hwk4 (feature-3|MERGING)
$ git status
On branch feature-3
You have unmerged paths.
  (fix conflicts and run "git commit")
  (use "git merge --abort" to abort the merge)

Unmerged paths:
  (use "git add <file>..." to mark resolution)
        both added:      RangeNumPrinter.txt

Untracked files:
  (use "git add <file>..." to include in what will be committed)
        README.md

no changes added to commit (use "git add" and/or "git commit -a")

cihan@LAPTOP-GPR27UNE MINGW64 ~/hwk4 (feature-3|MERGING)
$ git merge abort--
error: Merging is not possible because you have unmerged files.
hint: Fix them up in the work tree, and then use 'git add/rm <file>'
hint: as appropriate to mark resolution and make a commit.
fatal: Exiting because of an unresolved conflict.

cihan@LAPTOP-GPR27UNE MINGW64 ~/hwk4 (feature-3|MERGING)
$ git add RangeNumPrinter.txt

cihan@LAPTOP-GPR27UNE MINGW64 ~/hwk4 (feature-3|MERGING)
$ git merge --continue
hint: Waiting for your editor to close the file... Run with 'code -' to read output from another program (e.g. 'echo Hello World | code -').
[feature-3 582e4f7] Merge branch 'feature-2' into feature-3

cihan@LAPTOP-GPR27UNE MINGW64 ~/hwk4 (feature-3)
$ git diff main..feature-1
fatal: ambiguous argument 'main..feature-1': unknown revision or path not in the working tree.
Use '--' to separate paths from revisions, like this:
'git <command> [<revision>...] -- [<file>...]'

cihan@LAPTOP-GPR27UNE MINGW64 ~/hwk4 (feature-3)
$ git push origin
fatal: The current branch feature-3 has no upstream branch.
To push the current branch and set the remote as upstream, use

    git push --set-upstream origin feature-3

To have this happen automatically for branches without a tracking
upstream, see 'push.autoSetupRemote' in 'git help config'.


cihan@LAPTOP-GPR27UNE MINGW64 ~/hwk4 (feature-3)
fatal: User cancelled dialog.
remote: Support for password authentication was removed on August 13, 2021.
remote: Please see https://docs.github.com/en/get-started/getting-started-with-git/about-remote-repositories#cloning-with-https-urls for information on currently recommended modes of authentication.
fatal: Authentication failed for 'https://github.com/egeeryucel/softhw4.gitl/'

cihan@LAPTOP-GPR27UNE MINGW64 ~/hwk4 (feature-3)
$ git login
git: 'login' is not a git command. See 'git --help'.

The most similar command is
        column

cihan@LAPTOP-GPR27UNE MINGW64 ~/hwk4 (feature-3)
$ git sigin
git: 'sigin' is not a git command. See 'git --help'.

cihan@LAPTOP-GPR27UNE MINGW64 ~/hwk4 (feature-3)
$ git singin
git: 'singin' is not a git command. See 'git --help'.

cihan@LAPTOP-GPR27UNE MINGW64 ~/hwk4 (feature-3)
$ git signin
git: 'signin' is not a git command. See 'git --help'.

cihan@LAPTOP-GPR27UNE MINGW64 ~/hwk4 (feature-3)
$ git push origin main feature-1 feature-2 feature-3
error: src refspec main does not match any
error: src refspec feature-2 feature-3 does not match any
error: failed to push some refs to 'https://github.com/egeeryucel/softhw4.gitl'

cihan@LAPTOP-GPR27UNE MINGW64 ~/hwk4 (feature-3)
$ git remote -v
origin  https://github.com/egeeryucel/softhw4.gitl (fetch)
origin  https://github.com/egeeryucel/softhw4.gitl (push)

cihan@LAPTOP-GPR27UNE MINGW64 ~/hwk4 (feature-3)
$ git push origin master feature-1 feature-2 feature-3
error: src refspec feature-2 feature-3 does not match any
error: failed to push some refs to 'https://github.com/egeeryucel/softhw4.gitl'

cihan@LAPTOP-GPR27UNE MINGW64 ~/hwk4 (feature-3)
$ ls
README.md  RangeNumPrinter.txt  hmk1/

cihan@LAPTOP-GPR27UNE MINGW64 ~/hwk4 (feature-3)
$ ls -a
./  ../  .git/  .gitignore  README.md  RangeNumPrinter.txt  hmk1/

cihan@LAPTOP-GPR27UNE MINGW64 ~/hwk4 (feature-3)
$ pwd
/c/Users/cihan/hwk4

cihan@LAPTOP-GPR27UNE MINGW64 ~/hwk4 (feature-3)
$ mv homework4.txt /c/Users/cihan/hwk4/
mv: cannot stat 'homework4.txt': No such file or directory

cihan@LAPTOP-GPR27UNE MINGW64 ~/hwk4 (feature-3)
$ ls
README.md  RangeNumPrinter.txt  hmk1/

cihan@LAPTOP-GPR27UNE MINGW64 ~/hwk4 (feature-3)
$ mv  RangeNumPrinter.txt /c/Users/cihan/hwk4
mv: 'RangeNumPrinter.txt' and '/c/Users/cihan/hwk4/RangeNumPrinter.txt' are the same file

cihan@LAPTOP-GPR27UNE MINGW64 ~/hwk4 (feature-3)
$ cd hwk4
bash: cd: hwk4: No such file or directory

cihan@LAPTOP-GPR27UNE MINGW64 ~/hwk4 (feature-3)
$ cd hmk4
bash: cd: hmk4: No such file or directory

cihan@LAPTOP-GPR27UNE MINGW64 ~/hwk4 (feature-3)
$ cd hmk1

cihan@LAPTOP-GPR27UNE MINGW64 ~/hwk4/hmk1 (feature-3)
$ git add RangeNumPrinter.txt
fatal: pathspec 'RangeNumPrinter.txt' did not match any files

cihan@LAPTOP-GPR27UNE MINGW64 ~/hwk4/hmk1 (feature-3)
$ git add RangeNumPrinter.txt
fatal: pathspec 'RangeNumPrinter.txt' did not match any files

cihan@LAPTOP-GPR27UNE MINGW64 ~/hwk4/hmk1 (feature-3)
$ pwd
/c/Users/cihan/hwk4/hmk1

cihan@LAPTOP-GPR27UNE MINGW64 ~/hwk4/hmk1 (feature-3)
$ cd hmk4
bash: cd: hmk4: No such file or directory

cihan@LAPTOP-GPR27UNE MINGW64 ~/hwk4/hmk1 (feature-3)
$ cd..
bash: cd..: command not found

cihan@LAPTOP-GPR27UNE MINGW64 ~/hwk4/hmk1 (feature-3)
$ cd.
bash: cd.: command not found

cihan@LAPTOP-GPR27UNE MINGW64 ~/hwk4/hmk1 (feature-3)
$ ls

cihan@LAPTOP-GPR27UNE MINGW64 ~/hwk4/hmk1 (feature-3)
$ ls-a
bash: ls-a: command not found

cihan@LAPTOP-GPR27UNE MINGW64 ~/hwk4/hmk1 (feature-3)
$ ls -a
./  ../

cihan@LAPTOP-GPR27UNE MINGW64 ~/hwk4/hmk1 (feature-3)
$ pwd
/c/Users/cihan/hwk4/hmk1

cihan@LAPTOP-GPR27UNE MINGW64 ~/hwk4/hmk1 (feature-3)
$ branch
bash: branch: command not found

cihan@LAPTOP-GPR27UNE MINGW64 ~/hwk4/hmk1 (feature-3)
$ cd master
bash: cd: master: No such file or directory

cihan@LAPTOP-GPR27UNE MINGW64 ~/hwk4/hmk1 (feature-3)
$ git checkout master
Switched to branch 'master'

cihan@LAPTOP-GPR27UNE MINGW64 ~/hwk4/hmk1 (master)
$ git add RangeNumPrinter.txt
fatal: pathspec 'RangeNumPrinter.txt' did not match any files

cihan@LAPTOP-GPR27UNE MINGW64 ~/hwk4/hmk1 (master)
$ ^C

cihan@LAPTOP-GPR27UNE MINGW64 ~/hwk4/hmk1 (master)
$ git status
On branch master
Untracked files:
  (use "git add <file>..." to include in what will be committed)
        ../README.md

nothing added to commit but untracked files present (use "git add" to track)

cihan@LAPTOP-GPR27UNE MINGW64 ~/hwk4/hmk1 (master)
$ git abort
,git: 'abort' is not a git command. See 'git --help'.

cihan@LAPTOP-GPR27UNE MINGW64 ~/hwk4/hmk1 (master)
$ git add origin
fatal: pathspec 'origin' did not match any files

cihan@LAPTOP-GPR27UNE MINGW64 ~/hwk4/hmk1 (master)
$ git add homework4.txt
fatal: pathspec 'homework4.txt' did not match any files

cihan@LAPTOP-GPR27UNE MINGW64 ~/hwk4/hmk1 (master)
$ git checkout feature-3
Switched to branch 'feature-3'

cihan@LAPTOP-GPR27UNE MINGW64 ~/hwk4/hmk1 (feature-3)
$ git add homework4.txt
fatal: pathspec 'homework4.txt' did not match any files

cihan@LAPTOP-GPR27UNE MINGW64 ~/hwk4/hmk1 (feature-3)
$ git checkout main
error: pathspec 'main' did not match any file(s) known to git

cihan@LAPTOP-GPR27UNE MINGW64 ~/hwk4/hmk1 (feature-3)
$ git checkout master
Switched to branch 'master'

cihan@LAPTOP-GPR27UNE MINGW64 ~/hwk4/hmk1 (master)
$ git add homework4.txt
fatal: pathspec 'homework4.txt' did not match any files

cihan@LAPTOP-GPR27UNE MINGW64 ~/hwk4/hmk1 (master)
$ ls

cihan@LAPTOP-GPR27UNE MINGW64 ~/hwk4/hmk1 (master)
$ ls

cihan@LAPTOP-GPR27UNE MINGW64 ~/hwk4/hmk1 (master)
$ cd-
bash: cd-: command not found

cihan@LAPTOP-GPR27UNE MINGW64 ~/hwk4/hmk1 (master)
$ cd -
/c/Users/cihan/hwk4

cihan@LAPTOP-GPR27UNE MINGW64 ~/hwk4 (master)
$ ls
README.md  hmk1/

cihan@LAPTOP-GPR27UNE MINGW64 ~/hwk4 (master)
$ git status
On branch master
Untracked files:
  (use "git add <file>..." to include in what will be committed)
        README.md

nothing added to commit but untracked files present (use "git add" to track)

cihan@LAPTOP-GPR27UNE MINGW64 ~/hwk4 (master)
$ git add homework4.txt
fatal: pathspec 'homework4.txt' did not match any files

cihan@LAPTOP-GPR27UNE MINGW64 ~/hwk4 (master)
$ git add
Nothing specified, nothing added.
hint: Maybe you wanted to say 'git add .'?
hint: Turn this message off by running
hint: "git config advice.addEmptyPathspec false"

cihan@LAPTOP-GPR27UNE MINGW64 ~/hwk4 (master)
$ ls
README.md  hmk1/

cihan@LAPTOP-GPR27UNE MINGW64 ~/hwk4 (master)
$ ^C

cihan@LAPTOP-GPR27UNE MINGW64 ~/hwk4 (master)
$ cd hmk1
git add homework4.txt
fatal: pathspec 'homework4.txt' did not match any files

cihan@LAPTOP-GPR27UNE MINGW64 ~/hwk4/hmk1 (master)
$ cd hkm1
bash: cd: hkm1: No such file or directory

cihan@LAPTOP-GPR27UNE MINGW64 ~/hwk4/hmk1 (master)
$ ls

cihan@LAPTOP-GPR27UNE MINGW64 ~/hwk4/hmk1 (master)
$ cd hkm1
bash: cd: hkm1: No such file or directory

cihan@LAPTOP-GPR27UNE MINGW64 ~/hwk4/hmk1 (master)
$ cd path/to/directory/containing/homework4.txt
git add homework4.txt
bash: cd: path/to/directory/containing/homework4.txt: No such file or directory
fatal: pathspec 'homework4.txt' did not match any files

cihan@LAPTOP-GPR27UNE MINGW64 ~/hwk4/hmk1 (master)
$ touch homework4.txt

cihan@LAPTOP-GPR27UNE MINGW64 ~/hwk4/hmk1 (master)
$ echo. > homework4.txt
bash: echo.: command not found

cihan@LAPTOP-GPR27UNE MINGW64 ~/hwk4/hmk1 (master)
$ ls
homework4.txt

cihan@LAPTOP-GPR27UNE MINGW64 ~/hwk4/hmk1 (master)
$ git push homework4.txt
fatal: 'homework4.txt' does not appear to be a git repository
fatal: Could not read from remote repository.

Please make sure you have the correct access rights
and the repository exists.

cihan@LAPTOP-GPR27UNE MINGW64 ~/hwk4/hmk1 (master)
$ git add homework4.txt

cihan@LAPTOP-GPR27UNE MINGW64 ~/hwk4/hmk1 (master)
$ git commit -m 'homework4.txt updated'
[master cb659cd] homework4.txt updated
 1 file changed, 0 insertions(+), 0 deletions(-)
 create mode 100644 hmk1/homework4.txt

cihan@LAPTOP-GPR27UNE MINGW64 ~/hwk4/hmk1 (master)
$ git push
fatal: The current branch master has no upstream branch.
To push the current branch and set the remote as upstream, use

    git push --set-upstream origin master

To have this happen automatically for branches without a tracking
upstream, see 'push.autoSetupRemote' in 'git help config'.


cihan@LAPTOP-GPR27UNE MINGW64 ~/hwk4/hmk1 (master)

ls
fatal: User cancelled dialog.
ls
remote: Support for password authentication was removed on August 13, 2021.
remote: Please see https://docs.github.com/en/get-started/getting-started-with-git/about-remote-repositories#cloning-with-https-urls for information on currently recommended modes of authentication.
fatal: Authentication failed for 'https://github.com/egeeryucel/softhw4.gitl/'

cihan@LAPTOP-GPR27UNE MINGW64 ~/hwk4/hmk1 (master)
fatal: User cancelled dialog.
remote: Support for password authentication was removed on August 13, 2021.
remote: Please see https://docs.github.com/en/get-started/getting-started-with-git/about-remote-repositories#cloning-with-https-urls for information on currently recommended modes of authentication.
fatal: Authentication failed for 'https://github.com/egeeryucel/softhw4.gitl/'

cihan@LAPTOP-GPR27UNE MINGW64 ~/hwk4/hmk1 (master)
$ ls
homework4.txt

cihan@LAPTOP-GPR27UNE MINGW64 ~/hwk4/hmk1 (master)
$
